******************************************************************************
                  TI ARM Linker PC v20.2.5                     
******************************************************************************
>> Linked Tue Mar 21 10:34:08 2023

OUTPUT FILE NAME:   <P3_PAE.out>
ENTRY POINT SYMBOL: "_c_int00_noargs"  address: 00000bf9


MEMORY CONFIGURATION

         name            origin    length      used     unused   attr    fill
----------------------  --------  ---------  --------  --------  ----  --------
  MAIN                  00000000   00040000  00000c88  0003f378  R  X
  INFO                  00200000   00004000  00000000  00004000  R  X
  SRAM_CODE             01000000   00010000  00000224  0000fddc  RW X
  SRAM_DATA             20000000   00010000  00000224  0000fddc  RW  


SEGMENT ALLOCATION MAP

run origin  load origin   length   init length attrs members
----------  ----------- ---------- ----------- ----- -------
00000000    00000000    00000c88   00000c88    r-x
  00000000    00000000    000000e4   000000e4    r-- .intvecs
  000000e4    000000e4    00000b6c   00000b6c    r-x .text
  00000c50    00000c50    00000038   00000038    r-- .cinit
20000000    20000000    00000024   00000000    rw-
  20000000    20000000    00000024   00000000    rw- .data
2000fe00    2000fe00    00000200   00000000    rw-
  2000fe00    2000fe00    00000200   00000000    rw- .stack


SECTION ALLOCATION MAP

 output                                  attributes/
section   page    origin      length       input sections
--------  ----  ----------  ----------   ----------------
.intvecs   0    00000000    000000e4     
                  00000000    000000e4     startup_msp432p401r_ccs.obj (.intvecs:retain)

.text      0    000000e4    00000b6c     
                  000000e4    00000620     main.obj (.text)
                  00000704    00000334     system_msp432p401r.obj (.text)
                  00000a38    0000009c     rtsv7M4_T_le_v4SPD16_eabi.lib : memcpy_t2.asm.obj (.text)
                  00000ad4    00000078     lib_PAE.lib : Inicializacion.obj (.text)
                  00000b4c    00000068     rtsv7M4_T_le_v4SPD16_eabi.lib : copy_decompress_lzss.c.obj (.text:decompress:lzss:__TI_decompress_lzss)
                  00000bb4    00000044                                   : autoinit.c.obj (.text:__TI_auto_init_nobinit_nopinit:__TI_auto_init_nobinit_nopinit)
                  00000bf8    00000034                                   : boot_cortex_m.c.obj (.text:_c_int00_noargs:_c_int00_noargs)
                  00000c2c    0000000e                                   : copy_decompress_none.c.obj (.text:decompress:none:__TI_decompress_none)
                  00000c3a    0000000e     startup_msp432p401r_ccs.obj (.text)
                  00000c48    00000004     rtsv7M4_T_le_v4SPD16_eabi.lib : pre_init.c.obj (.text:_system_pre_init)
                  00000c4c    00000004                                   : exit.c.obj (.text:abort:abort)

.cinit     0    00000c50    00000038     
                  00000c50    00000026     (.cinit..data.load) [load image, compression = lzss]
                  00000c76    00000002     --HOLE-- [fill = 0]
                  00000c78    00000008     (__TI_handler_table)
                  00000c80    00000008     (__TI_cinit_table)

.init_array 
*          0    00000000    00000000     UNINITIALIZED

.binit     0    00000000    00000000     

.data      0    20000000    00000024     UNINITIALIZED
                  20000000    00000014     main.obj (.data:color_sequence)
                  20000014    00000009     main.obj (.data)
                  2000001d    00000003     --HOLE--
                  20000020    00000004     system_msp432p401r.obj (.data)

.stack     0    2000fe00    00000200     UNINITIALIZED
                  2000fe00    00000004     rtsv7M4_T_le_v4SPD16_eabi.lib : boot_cortex_m.c.obj (.stack)
                  2000fe04    000001fc     --HOLE--

__llvm_prf_cnts 
*          0    20000000    00000000     UNINITIALIZED

MODULE SUMMARY

       Module                        code   ro data   rw data
       ------                        ----   -------   -------
    .\
       main.obj                      1568   0         58     
       system_msp432p401r.obj        820    0         8      
       startup_msp432p401r_ccs.obj   14     228       0      
    +--+-----------------------------+------+---------+---------+
       Total:                        2402   228       66     
                                                             
    ../lib_PAE.lib
       Inicializacion.obj            120    0         0      
    +--+-----------------------------+------+---------+---------+
       Total:                        120    0         0      
                                                             
    C:\ti\ccs1040\ccs\tools\compiler\ti-cgt-arm_20.2.5.LTS\lib\rtsv7M4_T_le_v4SPD16_eabi.lib
       memcpy_t2.asm.obj             156    0         0      
       copy_decompress_lzss.c.obj    104    0         0      
       autoinit.c.obj                68     0         0      
       boot_cortex_m.c.obj           52     0         0      
       copy_decompress_none.c.obj    14     0         0      
       exit.c.obj                    4      0         0      
       pre_init.c.obj                4      0         0      
    +--+-----------------------------+------+---------+---------+
       Total:                        402    0         0      
                                                             
       Stack:                        0      0         1024   
       Linker Generated:             0      54        0      
    +--+-----------------------------+------+---------+---------+
       Grand Total:                  2924   282       1090   


LINKER GENERATED COPY TABLES

__TI_cinit_table @ 00000c80 records: 1, size/record: 8, table size: 8
	.data: load addr=00000c50, load size=00000026 bytes, run addr=20000000, run size=00000024 bytes, compression=lzss


LINKER GENERATED HANDLER TABLE

__TI_handler_table @ 00000c78 records: 2, size/record: 4, table size: 8
	index: 0, handler: __TI_decompress_lzss
	index: 1, handler: __TI_decompress_none


GLOBAL SYMBOLS: SORTED ALPHABETICALLY BY Name 

address   name                          
-------   ----                          
00000c47  ADC14_IRQHandler              
00000c47  AES256_IRQHandler             
00000c47  BusFault_Handler              
00000c4d  C$$EXIT                       
00000c47  COMP_E0_IRQHandler            
00000c47  COMP_E1_IRQHandler            
00000c47  CS_IRQHandler                 
00000c47  DMA_ERR_IRQHandler            
00000c47  DMA_INT0_IRQHandler           
00000c47  DMA_INT1_IRQHandler           
00000c47  DMA_INT2_IRQHandler           
00000c47  DMA_INT3_IRQHandler           
00000c47  DebugMon_Handler              
00000c47  Default_Handler               
00000c47  EUSCIA0_IRQHandler            
00000c47  EUSCIA1_IRQHandler            
00000c47  EUSCIA2_IRQHandler            
00000c47  EUSCIA3_IRQHandler            
00000c47  EUSCIB0_IRQHandler            
00000c47  EUSCIB1_IRQHandler            
00000c47  EUSCIB2_IRQHandler            
00000c47  EUSCIB3_IRQHandler            
00000c47  FLCTL_IRQHandler              
00000c47  FPU_IRQHandler                
00000c47  HardFault_Handler             
00000c47  MemManage_Handler             
00000c47  NMI_Handler                   
00000c47  PCM_IRQHandler                
000005b5  PORT1_IRQHandler              
000005b5  PORT1_IRQHandler              
00000c47  PORT2_IRQHandler              
00000c47  PORT3_IRQHandler              
00000621  PORT4_IRQHandler              
00000621  PORT4_IRQHandler              
00000685  PORT5_IRQHandler              
00000685  PORT5_IRQHandler              
00000c47  PORT6_IRQHandler              
00000c47  PSS_IRQHandler                
00000c47  PendSV_Handler                
00000c47  RTC_C_IRQHandler              
00000c3b  Reset_Handler                 
00000c47  SVC_Handler                   
00000c47  SysTick_Handler               
20000020  SystemCoreClock               
00000705  SystemCoreClockUpdate         
0000097d  SystemInit                    
00000c47  T32_INT1_IRQHandler           
00000c47  T32_INT2_IRQHandler           
00000c47  T32_INTC_IRQHandler           
00000509  TA0_0_IRQHandler              
00000509  TA0_0_IRQHandler              
00000c47  TA0_N_IRQHandler              
0000055d  TA1_0_IRQHandler              
0000055d  TA1_0_IRQHandler              
00000c47  TA1_N_IRQHandler              
00000c47  TA2_0_IRQHandler              
00000c47  TA2_N_IRQHandler              
00000c47  TA3_0_IRQHandler              
00000c47  TA3_N_IRQHandler              
00000c47  UsageFault_Handler            
4000480c  WDTCTL_SYM                    
00000c47  WDT_A_IRQHandler              
20010000  __STACK_END                   
00000200  __STACK_SIZE                  
00000c80  __TI_CINIT_Base               
00000c88  __TI_CINIT_Limit              
00000c78  __TI_Handler_Table_Base       
00000c80  __TI_Handler_Table_Limit      
00000bb5  __TI_auto_init_nobinit_nopinit
00000b4d  __TI_decompress_lzss          
00000c2d  __TI_decompress_none          
ffffffff  __TI_pprof_out_hndl           
ffffffff  __TI_prof_data_size           
ffffffff  __TI_prof_data_start          
00000000  __TI_static_base__            
00000a39  __aeabi_memcpy                
00000a39  __aeabi_memcpy4               
00000a39  __aeabi_memcpy8               
ffffffff  __binit__                     
ffffffff  __c_args__                    
UNDEFED   __mpu_init                    
2000fe00  __stack                       
20000000  __start___llvm_prf_cnts       
20000000  __stop___llvm_prf_cnts        
00000bf9  _c_int00_noargs               
UNDEFED   _system_post_cinit            
00000c49  _system_pre_init              
00000c4d  abort                         
ffffffff  binit                         
20000017  cnt_max_T1                    
20000000  color_sequence                
000001ad  config_RGB_LEDS               
00000207  config_RGB_LEDS_joytsick      
20000016  current_stage                 
20000014  estado_joystick               
0000014b  init_botons                   
000000e5  init_interrupciones           
000002c9  init_joystick                 
00000291  init_timers                   
00000ad5  init_ucs_16MHz                
00000b0d  init_ucs_24MHz                
00000000  interruptVectors              
000004a5  main                          
00000a39  memcpy                        
20000018  pwm_duty                      
20000019  pwm_step                      
20000015  step                          
00000363  update_PWM                    
00000431  update_RGB                    


GLOBAL SYMBOLS: SORTED BY Symbol Address 

address   name                          
-------   ----                          
00000000  __TI_static_base__            
00000000  interruptVectors              
000000e5  init_interrupciones           
0000014b  init_botons                   
000001ad  config_RGB_LEDS               
00000200  __STACK_SIZE                  
00000207  config_RGB_LEDS_joytsick      
00000291  init_timers                   
000002c9  init_joystick                 
00000363  update_PWM                    
00000431  update_RGB                    
000004a5  main                          
00000509  TA0_0_IRQHandler              
00000509  TA0_0_IRQHandler              
0000055d  TA1_0_IRQHandler              
0000055d  TA1_0_IRQHandler              
000005b5  PORT1_IRQHandler              
000005b5  PORT1_IRQHandler              
00000621  PORT4_IRQHandler              
00000621  PORT4_IRQHandler              
00000685  PORT5_IRQHandler              
00000685  PORT5_IRQHandler              
00000705  SystemCoreClockUpdate         
0000097d  SystemInit                    
00000a39  __aeabi_memcpy                
00000a39  __aeabi_memcpy4               
00000a39  __aeabi_memcpy8               
00000a39  memcpy                        
00000ad5  init_ucs_16MHz                
00000b0d  init_ucs_24MHz                
00000b4d  __TI_decompress_lzss          
00000bb5  __TI_auto_init_nobinit_nopinit
00000bf9  _c_int00_noargs               
00000c2d  __TI_decompress_none          
00000c3b  Reset_Handler                 
00000c47  ADC14_IRQHandler              
00000c47  AES256_IRQHandler             
00000c47  BusFault_Handler              
00000c47  COMP_E0_IRQHandler            
00000c47  COMP_E1_IRQHandler            
00000c47  CS_IRQHandler                 
00000c47  DMA_ERR_IRQHandler            
00000c47  DMA_INT0_IRQHandler           
00000c47  DMA_INT1_IRQHandler           
00000c47  DMA_INT2_IRQHandler           
00000c47  DMA_INT3_IRQHandler           
00000c47  DebugMon_Handler              
00000c47  Default_Handler               
00000c47  EUSCIA0_IRQHandler            
00000c47  EUSCIA1_IRQHandler            
00000c47  EUSCIA2_IRQHandler            
00000c47  EUSCIA3_IRQHandler            
00000c47  EUSCIB0_IRQHandler            
00000c47  EUSCIB1_IRQHandler            
00000c47  EUSCIB2_IRQHandler            
00000c47  EUSCIB3_IRQHandler            
00000c47  FLCTL_IRQHandler              
00000c47  FPU_IRQHandler                
00000c47  HardFault_Handler             
00000c47  MemManage_Handler             
00000c47  NMI_Handler                   
00000c47  PCM_IRQHandler                
00000c47  PORT2_IRQHandler              
00000c47  PORT3_IRQHandler              
00000c47  PORT6_IRQHandler              
00000c47  PSS_IRQHandler                
00000c47  PendSV_Handler                
00000c47  RTC_C_IRQHandler              
00000c47  SVC_Handler                   
00000c47  SysTick_Handler               
00000c47  T32_INT1_IRQHandler           
00000c47  T32_INT2_IRQHandler           
00000c47  T32_INTC_IRQHandler           
00000c47  TA0_N_IRQHandler              
00000c47  TA1_N_IRQHandler              
00000c47  TA2_0_IRQHandler              
00000c47  TA2_N_IRQHandler              
00000c47  TA3_0_IRQHandler              
00000c47  TA3_N_IRQHandler              
00000c47  UsageFault_Handler            
00000c47  WDT_A_IRQHandler              
00000c49  _system_pre_init              
00000c4d  C$$EXIT                       
00000c4d  abort                         
00000c78  __TI_Handler_Table_Base       
00000c80  __TI_CINIT_Base               
00000c80  __TI_Handler_Table_Limit      
00000c88  __TI_CINIT_Limit              
20000000  __start___llvm_prf_cnts       
20000000  __stop___llvm_prf_cnts        
20000000  color_sequence                
20000014  estado_joystick               
20000015  step                          
20000016  current_stage                 
20000017  cnt_max_T1                    
20000018  pwm_duty                      
20000019  pwm_step                      
20000020  SystemCoreClock               
2000fe00  __stack                       
20010000  __STACK_END                   
4000480c  WDTCTL_SYM                    
ffffffff  __TI_pprof_out_hndl           
ffffffff  __TI_prof_data_size           
ffffffff  __TI_prof_data_start          
ffffffff  __binit__                     
ffffffff  __c_args__                    
ffffffff  binit                         
UNDEFED   __mpu_init                    
UNDEFED   _system_post_cinit            

[109 symbols]
